> Building...
√ Building...
Initial chunk files | Names                 | Raw size
styles.css          | styles                | 29.69 kB | 
main.js             | main                  |  7.18 kB | 
chunk-GOMI4DH3.js   | -                     |  1.42 kB | 

                    | Initial total         | 38.30 kB

Lazy chunk files    | Names                 | Raw size
chunk-L7WE5AI2.js   | public-routes         | 66.76 kB | 
chunk-JH2MSL7C.js   | landing               | 55.19 kB | 
chunk-RXIKNN4I.js   | articulo-detalle      | 49.52 kB | 
chunk-JCMQAJS3.js   | articulo-editar       | 47.78 kB | 
chunk-I4K2KQHG.js   | articulos             | 32.91 kB | 
chunk-SG3WCI46.js   | edicion-editar        | 32.42 kB | 
chunk-PWNPCZ5N.js   | marca-editar          | 26.46 kB | 
chunk-Z6A2VUY7.js   | -                     | 21.67 kB | 
chunk-KGLAINKM.js   | marcas                | 20.38 kB | 
chunk-WWDBI6NE.js   | -                     | 19.28 kB | 
chunk-54JXFEFL.js   | administradores-lista | 18.80 kB | 
chunk-DE4UNHDH.js   | dashboard             | 17.18 kB | 
chunk-JGNXJYWI.js   | -                     | 17.14 kB | 
chunk-KWV36RO7.js   | articulos-lista       | 17.03 kB | 
chunk-HYW3DU7B.js   | marcas-lista          | 16.65 kB | 
...and 22 more lazy chunks files. Use "--verbose" to show all the files.

Application bundle generation complete. [9.050 seconds] - 2026-09-18T20:50:31.913Z

Watch mode enabled. Watching for file changes...
NOTE: Raw file sizes do not reflect development server per-request transformations.
  ➜  Local:   http://localhost:4200/
  ➜  press h + enter to show help
